[demo.webtend.net/html/munfirm/index.html]
[backblue.gif]
[fade.gif]
[index.html]
[demo.webtend.net/html/munfirm/assets/images/favicon.png]
[demo.webtend.net/html/munfirm/assets/css/flaticon.min.css]
[demo.webtend.net/html/munfirm/assets/css/fontawesome-5.14.0.min.css]
[demo.webtend.net/html/munfirm/assets/css/bootstrap-4.5.3.min.css]
[demo.webtend.net/html/munfirm/assets/css/magnific-popup.min.css]
[demo.webtend.net/html/munfirm/assets/css/nice-select.min.css]
[demo.webtend.net/html/munfirm/assets/css/animate.min.css]
[demo.webtend.net/html/munfirm/assets/css/slick.min.css]
[demo.webtend.net/html/munfirm/assets/css/style.css]
[demo.webtend.net/html/munfirm/assets/images/logos/logo.png]
[demo.webtend.net/html/munfirm/index2.html]
[demo.webtend.net/html/munfirm/about.html]
[demo.webtend.net/html/munfirm/services.html]
[demo.webtend.net/html/munfirm/service-details.html]
[demo.webtend.net/html/munfirm/faqs.html]
[demo.webtend.net/html/munfirm/farmers.html]
[demo.webtend.net/html/munfirm/404.html]
[demo.webtend.net/html/munfirm/portfolio-grid.html]
[demo.webtend.net/html/munfirm/portfolio-fluid.html]
[demo.webtend.net/html/munfirm/portfolio-details.html]
[demo.webtend.net/html/munfirm/blog-grid.html]
[demo.webtend.net/html/munfirm/blog-standard.html]
[demo.webtend.net/html/munfirm/blog-details.html]
[demo.webtend.net/html/munfirm/shop-grid.html]
[demo.webtend.net/html/munfirm/shop-left-sidebar.html]
[demo.webtend.net/html/munfirm/shop-right-sidebar.html]
[demo.webtend.net/html/munfirm/product-details.html]
[demo.webtend.net/html/munfirm/cart.html]
[demo.webtend.net/html/munfirm/checkout.html]
[demo.webtend.net/html/munfirm/wishlist.html]
[demo.webtend.net/html/munfirm/contact.html]
[demo.webtend.net/html/munfirm/assets/images/slider/slider-image1.png]
[demo.webtend.net/html/munfirm/assets/images/shapes/organic.png]
[demo.webtend.net/html/munfirm/assets/images/slider/pumpkin.png]
[demo.webtend.net/html/munfirm/assets/images/slider/two-lear.png]
[demo.webtend.net/html/munfirm/assets/images/slider/half-leaf.png]
[demo.webtend.net/html/munfirm/assets/images/slider/leaf-1.png]
[demo.webtend.net/html/munfirm/assets/images/slider/leaf-2.png]
[demo.webtend.net/html/munfirm/assets/images/slider/slider-image2.png]
[demo.webtend.net/html/munfirm/assets/images/slider/slider-bg-leaf.png]
[demo.webtend.net/html/munfirm/assets/images/slider/slider-bg-shape.png]
[demo.webtend.net/html/munfirm/assets/images/category/icon1.png]
[demo.webtend.net/html/munfirm/assets/images/category/arrow.png]
[demo.webtend.net/html/munfirm/assets/images/category/icon2.png]
[demo.webtend.net/html/munfirm/assets/images/category/icon3.png]
[demo.webtend.net/html/munfirm/assets/images/category/icon4.png]
[demo.webtend.net/html/munfirm/assets/images/category/icon5.png]
[demo.webtend.net/html/munfirm/assets/images/about/about1.jpg]
[demo.webtend.net/html/munfirm/assets/images/about/about2.jpg]
[demo.webtend.net/html/munfirm/assets/images/about/about3.jpg]
[demo.webtend.net/html/munfirm/assets/images/about/author.jpg]
[demo.webtend.net/html/munfirm/assets/images/about/signature.png]
[demo.webtend.net/html/munfirm/assets/images/offers/offer-banner1.png]
[demo.webtend.net/html/munfirm/assets/images/offers/offer-baner-bg1.png]
[demo.webtend.net/html/munfirm/assets/images/offers/offer-banner2.png]
[demo.webtend.net/html/munfirm/assets/images/offers/offer-baner-bg2.png]
[demo.webtend.net/html/munfirm/assets/images/offers/offer-banner3.png]
[demo.webtend.net/html/munfirm/assets/images/offers/offer-baner-bg3.png]
[demo.webtend.net/html/munfirm/assets/images/products/product1.png]
[demo.webtend.net/html/munfirm/assets/images/products/product2.png]
[demo.webtend.net/html/munfirm/assets/images/products/product3.png]
[demo.webtend.net/html/munfirm/assets/images/products/product4.png]
[demo.webtend.net/html/munfirm/assets/images/products/product5.png]
[demo.webtend.net/html/munfirm/assets/images/products/product6.png]
[demo.webtend.net/html/munfirm/assets/images/products/product7.png]
[demo.webtend.net/html/munfirm/assets/images/video/video-bg.jpg]
[demo.webtend.net/html/munfirm/assets/images/offers/special-offer-bg.png]
[demo.webtend.net/html/munfirm/assets/images/shapes/munakoiso.png]
[demo.webtend.net/html/munfirm/assets/images/shapes/litchi.png]
[demo.webtend.net/html/munfirm/assets/images/offers/offer-left.png]
[demo.webtend.net/html/munfirm/assets/images/offers/offer-right.png]
[demo.webtend.net/html/munfirm/assets/images/background/cta-bg.jpg]
[demo.webtend.net/html/munfirm/assets/images/gellery/gallery1.jpg]
[demo.webtend.net/html/munfirm/assets/images/gellery/gallery2.jpg]
[demo.webtend.net/html/munfirm/assets/images/gellery/gallery3.jpg]
[demo.webtend.net/html/munfirm/assets/images/gellery/gallery4.jpg]
[demo.webtend.net/html/munfirm/assets/images/reviews/fb-author1.png]
[demo.webtend.net/html/munfirm/assets/images/reviews/feedback-right.jpg]
[demo.webtend.net/html/munfirm/assets/images/reviews/feedback-right.png]
[demo.webtend.net/html/munfirm/assets/images/shapes/feedback-bg.png]
[demo.webtend.net/html/munfirm/assets/images/news/news1.jpg]
[demo.webtend.net/html/munfirm/assets/images/news/news2.jpg]
[demo.webtend.net/html/munfirm/assets/images/news/news3.jpg]
[demo.webtend.net/html/munfirm/assets/images/shapes/onion.png]
[demo.webtend.net/html/munfirm/assets/images/shapes/leaf-three.png]
[demo.webtend.net/html/munfirm/assets/images/shapes/leaf-four.png]
[demo.webtend.net/html/munfirm/assets/images/client-logo/client-logo1.png]
[demo.webtend.net/html/munfirm/assets/images/client-logo/client-logo2.png]
[demo.webtend.net/html/munfirm/assets/images/client-logo/client-logo3.png]
[demo.webtend.net/html/munfirm/assets/images/client-logo/client-logo4.png]
[demo.webtend.net/html/munfirm/assets/images/client-logo/client-logo5.png]
[demo.webtend.net/html/munfirm/assets/images/client-logo/client-logo6.png]
[demo.webtend.net/html/munfirm/assets/images/shapes/cl-shape1.png]
[demo.webtend.net/html/munfirm/assets/images/shapes/cl-shape2.png]
[demo.webtend.net/html/munfirm/assets/images/shapes/cl-shape3.png]
[demo.webtend.net/html/munfirm/assets/images/shapes/cl-shape4.png]
[demo.webtend.net/html/munfirm/assets/images/shapes/cl-shape5.png]
[demo.webtend.net/html/munfirm/assets/images/shapes/cl-shape6.png]
[demo.webtend.net/html/munfirm/assets/images/background/footer-bg-shape.png]
[demo.webtend.net/html/munfirm/assets/images/shapes/footer1.png]
[demo.webtend.net/html/munfirm/assets/images/shapes/footer2.png]
[demo.webtend.net/html/munfirm/assets/images/shapes/footer3.png]
[demo.webtend.net/html/munfirm/assets/images/shapes/footer4.png]
[demo.webtend.net/cdn-cgi/scripts/5c5dd728/cloudflare-static/email-decode.min.js]
[demo.webtend.net/html/munfirm/assets/js/jquery-3.6.0.min.js]
[demo.webtend.net/html/munfirm/assets/js/bootstrap.min.js]
[demo.webtend.net/html/munfirm/assets/js/appear.min.js]
[demo.webtend.net/html/munfirm/assets/js/slick.min.js]
[demo.webtend.net/html/munfirm/assets/js/jquery.magnific-popup.min.js]
[demo.webtend.net/html/munfirm/assets/js/jquery.nice-select.min.js]
[demo.webtend.net/html/munfirm/assets/js/imagesloaded.pkgd.min.js]
[demo.webtend.net/html/munfirm/assets/js/circle-progress.min.js]
[demo.webtend.net/html/munfirm/assets/js/isotope.pkgd.min.js]
[demo.webtend.net/html/munfirm/assets/js/wow.min.js]
[demo.webtend.net/html/munfirm/assets/js/script.js]
[demo.webtend.net/html/munfirm/index.html]
[fonts.googleapis.com/css23d7c.css]
[demo.webtend.net/html/munfirm/assets/fonts/flaticona0c5.ttf]
[demo.webtend.net/html/munfirm/assets/fonts/flaticona0c5.woff]
[demo.webtend.net/html/munfirm/assets/fonts/flaticona0c5.woff2]
[demo.webtend.net/html/munfirm/assets/fonts/flaticona0c5.eot]
[demo.webtend.net/html/munfirm/assets/css/flaticon.min.css]
[demo.webtend.net/html/munfirm/assets/fonts/flaticona0c5.svg]
[demo.webtend.net/html/munfirm/assets/fonts/fa-brands-400.eot]
[demo.webtend.net/html/munfirm/assets/fonts/fa-brands-400d41d.eot]
[demo.webtend.net/html/munfirm/assets/fonts/fa-brands-400.woff2]
[demo.webtend.net/html/munfirm/assets/fonts/fa-brands-400.woff]
[demo.webtend.net/html/munfirm/assets/fonts/fa-brands-400.ttf]
[demo.webtend.net/html/munfirm/assets/fonts/fa-brands-400.svg]
[demo.webtend.net/html/munfirm/assets/fonts/fa-duotone-900.eot]
[demo.webtend.net/html/munfirm/assets/fonts/fa-duotone-900.woff2]
[demo.webtend.net/html/munfirm/assets/fonts/fa-duotone-900d41d.eot]
[demo.webtend.net/html/munfirm/assets/fonts/fa-duotone-900.woff]
[demo.webtend.net/html/munfirm/assets/fonts/fa-duotone-900.ttf]
[demo.webtend.net/html/munfirm/assets/fonts/fa-duotone-900.svg]
[demo.webtend.net/html/munfirm/assets/fonts/fa-light-300.eot]
[demo.webtend.net/html/munfirm/assets/fonts/fa-light-300d41d.eot]
[demo.webtend.net/html/munfirm/assets/fonts/fa-light-300.woff2]
[demo.webtend.net/html/munfirm/assets/fonts/fa-light-300.woff]
[demo.webtend.net/html/munfirm/assets/fonts/fa-light-300.ttf]
[demo.webtend.net/html/munfirm/assets/fonts/fa-regular-400.eot]
[demo.webtend.net/html/munfirm/assets/fonts/fa-light-300.svg]
[demo.webtend.net/html/munfirm/assets/fonts/fa-regular-400.woff2]
[demo.webtend.net/html/munfirm/assets/fonts/fa-regular-400d41d.eot]
[demo.webtend.net/html/munfirm/assets/fonts/fa-regular-400.woff]
[demo.webtend.net/html/munfirm/assets/fonts/fa-regular-400.ttf]
[demo.webtend.net/html/munfirm/assets/fonts/fa-regular-400.svg]
[demo.webtend.net/html/munfirm/assets/fonts/fa-solid-900.eot]
[demo.webtend.net/html/munfirm/assets/fonts/fa-solid-900d41d.eot]
[demo.webtend.net/html/munfirm/assets/fonts/fa-solid-900.woff2]
[demo.webtend.net/html/munfirm/assets/fonts/fa-solid-900.woff]
[demo.webtend.net/html/munfirm/assets/css/fontawesome-5.14.0.min.css]
[demo.webtend.net/html/munfirm/assets/css/bootstrap-4.5.3.min.css]
[demo.webtend.net/html/munfirm/assets/css/magnific-popup.min.css]
[demo.webtend.net/html/munfirm/assets/css/nice-select.min.css]
[demo.webtend.net/html/munfirm/assets/css/animate.min.css]
[demo.webtend.net/html/munfirm/assets/css/slick.min.css]
[demo.webtend.net/html/munfirm/assets/images/preloader.gif]
[demo.webtend.net/html/munfirm/assets/fonts/fa-solid-900.ttf]
[demo.webtend.net/html/munfirm/assets/images/shapes/wave.png]
[demo.webtend.net/html/munfirm/assets/fonts/fa-solid-900.svg]
[demo.webtend.net/html/munfirm/assets/images/background/cta-widget-bg.png]
[demo.webtend.net/html/munfirm/assets/css/style.css]
[demo.webtend.net/html/munfirm/assets/images/logos/logo-white.png]
[demo.webtend.net/html/munfirm/assets/images/slider/slider-two-bg.jpg]
[demo.webtend.net/html/munfirm/assets/images/slider/slider-two1.png]
[demo.webtend.net/html/munfirm/assets/images/slider/slider-two3.png]
[demo.webtend.net/html/munfirm/assets/images/slider/leaf-3.png]
[demo.webtend.net/html/munfirm/assets/images/about/about-left.jpg]
[demo.webtend.net/html/munfirm/assets/images/about/about-left-over.png]
[demo.webtend.net/html/munfirm/assets/images/about/arrow.png]
[demo.webtend.net/html/munfirm/assets/images/shapes/about-shape1.png]
[demo.webtend.net/html/munfirm/assets/images/shapes/about-shape2.png]
[demo.webtend.net/html/munfirm/assets/images/category/category1.png]
[demo.webtend.net/html/munfirm/assets/images/category/category2.png]
[demo.webtend.net/html/munfirm/assets/images/category/category3.png]
[demo.webtend.net/html/munfirm/assets/images/category/category4.png]
[demo.webtend.net/html/munfirm/assets/images/category/category5.png]
[demo.webtend.net/html/munfirm/assets/images/category/category6.png]
[demo.webtend.net/html/munfirm/assets/images/background/client-top.png]
[demo.webtend.net/html/munfirm/assets/images/shapes/product-shape1.png]
[demo.webtend.net/html/munfirm/assets/images/shapes/product-shape2.png]
[demo.webtend.net/html/munfirm/assets/images/about/about-three.png]
[demo.webtend.net/html/munfirm/assets/images/about/about-bg-shape.png]
[demo.webtend.net/html/munfirm/assets/images/shapes/about-three.png]
[demo.webtend.net/html/munfirm/assets/images/offers/offer-banner-bg1.jpg]
[demo.webtend.net/html/munfirm/assets/images/offers/offer-banner-bg2.jpg]
[demo.webtend.net/html/munfirm/assets/images/offers/offer-banner-bg3.jpg]
[demo.webtend.net/html/munfirm/assets/images/team/member1.jpg]
[demo.webtend.net/html/munfirm/assets/images/team/team-member-bg.png]
[demo.webtend.net/html/munfirm/assets/images/team/member2.jpg]
[demo.webtend.net/html/munfirm/assets/images/team/member3.jpg]
[demo.webtend.net/html/munfirm/assets/images/team/member4.jpg]
[demo.webtend.net/html/munfirm/assets/images/background/special-offer-bg.jpg]
[demo.webtend.net/html/munfirm/assets/images/offers/special-offer-left.png]
[demo.webtend.net/html/munfirm/assets/images/shapes/special-offer1.png]
[demo.webtend.net/html/munfirm/assets/images/shapes/special-offer2.png]
[demo.webtend.net/html/munfirm/assets/images/services/icon1.png]
[demo.webtend.net/html/munfirm/assets/images/services/icon2.png]
[demo.webtend.net/html/munfirm/assets/images/services/what-we-provide.png]
[demo.webtend.net/html/munfirm/assets/images/services/offer.png]
[demo.webtend.net/html/munfirm/assets/images/services/service-center-bg.png]
[demo.webtend.net/html/munfirm/assets/images/services/icon3.png]
[demo.webtend.net/html/munfirm/assets/images/services/icon4.png]
[demo.webtend.net/html/munfirm/assets/images/shapes/ww-provide1.png]
[demo.webtend.net/html/munfirm/assets/images/shapes/ww-provide2.png]
[demo.webtend.net/html/munfirm/assets/images/shapes/ww-provide3.png]
[demo.webtend.net/html/munfirm/assets/images/gellery/gallery-two5.jpg]
[demo.webtend.net/html/munfirm/assets/images/gellery/gallery-two4.jpg]
[demo.webtend.net/html/munfirm/assets/images/gellery/gallery-two1.jpg]
[demo.webtend.net/html/munfirm/assets/images/gellery/gallery-two2.jpg]
[demo.webtend.net/html/munfirm/assets/images/gellery/gallery-two6.jpg]
[demo.webtend.net/html/munfirm/assets/images/gellery/gallery-two3.jpg]
[demo.webtend.net/html/munfirm/assets/images/gellery/gallery-two7.jpg]
[demo.webtend.net/html/munfirm/assets/images/gellery/gallery-two8.jpg]
[demo.webtend.net/html/munfirm/assets/images/reviews/feedback-author1.jpg]
[demo.webtend.net/html/munfirm/assets/images/reviews/feedback-author-bg.png]
[demo.webtend.net/html/munfirm/assets/images/reviews/feedback-author2.jpg]
[demo.webtend.net/html/munfirm/assets/images/video/cta-video-left.jpg]
[demo.webtend.net/html/munfirm/assets/images/video/cta-video-right.jpg]
[demo.webtend.net/html/munfirm/index2.html]
[demo.webtend.net/html/munfirm/assets/images/banner/banner.jpg]
[demo.webtend.net/html/munfirm/assets/images/about/about-page.jpg]
[demo.webtend.net/html/munfirm/assets/images/shapes/about-page.png]
[demo.webtend.net/html/munfirm/assets/images/features/feature1.png]
[demo.webtend.net/html/munfirm/assets/images/features/feature2.png]
[demo.webtend.net/html/munfirm/assets/images/features/feature3.png]
[demo.webtend.net/html/munfirm/assets/images/about/about-page-left.jpg]
[demo.webtend.net/html/munfirm/about.html]
[demo.webtend.net/html/munfirm/assets/images/about/who-we-are.png]
[demo.webtend.net/html/munfirm/assets/images/shapes/who-we-are-1.png]
[demo.webtend.net/html/munfirm/assets/images/team/team-profile-bg.png]
[demo.webtend.net/html/munfirm/assets/images/services/what-we-provide-2.png]
[demo.webtend.net/html/munfirm/assets/images/team/team-profile-2.jpg]
[demo.webtend.net/html/munfirm/services.html]
[demo.webtend.net/html/munfirm/assets/images/services/service-details1.jpg]
[demo.webtend.net/html/munfirm/assets/images/services/service-details2.jpg]
[demo.webtend.net/html/munfirm/assets/images/shapes/wave-white.png]
[demo.webtend.net/html/munfirm/assets/images/widgets/cta-widget.png]
[demo.webtend.net/html/munfirm/service-details.html]
[demo.webtend.net/html/munfirm/assets/images/features/feature-bg.jpg]
[demo.webtend.net/html/munfirm/assets/images/shapes/www-shape1.png]
[demo.webtend.net/html/munfirm/assets/images/shapes/www-shape2.png]
[demo.webtend.net/html/munfirm/assets/images/shapes/faq-shape1.png]
[demo.webtend.net/html/munfirm/assets/images/shapes/faq-shape2.png]
[demo.webtend.net/html/munfirm/assets/images/shapes/faq-shape3.png]
[demo.webtend.net/html/munfirm/assets/images/shapes/faq-shape4.png]
[demo.webtend.net/html/munfirm/faqs.html]
[demo.webtend.net/html/munfirm/assets/images/team/member5.jpg]
[demo.webtend.net/html/munfirm/assets/images/team/member6.jpg]
[demo.webtend.net/html/munfirm/assets/images/team/member8.jpg]
[demo.webtend.net/html/munfirm/assets/images/team/team-profile.jpg]
[demo.webtend.net/html/munfirm/farmers.html]
[demo.webtend.net/html/munfirm/assets/images/404.png]
[demo.webtend.net/html/munfirm/assets/images/shapes/leaf-1.png]
[demo.webtend.net/html/munfirm/assets/images/shapes/leaf-2.png]
[demo.webtend.net/html/munfirm/404.html]
[demo.webtend.net/html/munfirm/assets/images/gellery/portfolio1.jpg]
[demo.webtend.net/html/munfirm/assets/images/gellery/portfolio2.jpg]
[demo.webtend.net/html/munfirm/assets/images/gellery/portfolio3.jpg]
[demo.webtend.net/html/munfirm/assets/images/gellery/portfolio4.jpg]
[demo.webtend.net/html/munfirm/assets/images/gellery/portfolio5.jpg]
[demo.webtend.net/html/munfirm/assets/images/gellery/portfolio6.jpg]
[demo.webtend.net/html/munfirm/assets/images/gellery/portfolio7.jpg]
[demo.webtend.net/html/munfirm/assets/images/gellery/portfolio8.jpg]
[demo.webtend.net/html/munfirm/assets/images/gellery/portfolio9.jpg]
[demo.webtend.net/html/munfirm/assets/images/gellery/portfolio10.jpg]
[demo.webtend.net/html/munfirm/assets/images/gellery/portfolio11.jpg]
[demo.webtend.net/html/munfirm/assets/images/gellery/portfolio12.jpg]
[demo.webtend.net/html/munfirm/portfolio-grid.html]
[demo.webtend.net/html/munfirm/portfolio-fluid.html]
[demo.webtend.net/html/munfirm/assets/images/gellery/portfolio-details.jpg]
[demo.webtend.net/html/munfirm/assets/images/gellery/portfolio-prev.jpg]
[demo.webtend.net/html/munfirm/assets/images/gellery/portfolio-next.jpg]
[demo.webtend.net/html/munfirm/portfolio-details.html]
[demo.webtend.net/html/munfirm/assets/images/news/news4.jpg]
[demo.webtend.net/html/munfirm/assets/images/news/news5.jpg]
[demo.webtend.net/html/munfirm/assets/images/news/news6.jpg]
[demo.webtend.net/html/munfirm/assets/images/news/news7.jpg]
[demo.webtend.net/html/munfirm/assets/images/news/news8.jpg]
[demo.webtend.net/html/munfirm/assets/images/news/news9.jpg]
[demo.webtend.net/html/munfirm/blog-grid.html]
[demo.webtend.net/html/munfirm/assets/images/news/blog-standard1.jpg]
[demo.webtend.net/html/munfirm/assets/images/news/blog-standard2.jpg]
[demo.webtend.net/html/munfirm/assets/images/news/blog-standard3.jpg]
[demo.webtend.net/html/munfirm/assets/images/news/blog-standard4.jpg]
[demo.webtend.net/html/munfirm/assets/images/news/blog-standard5.jpg]
[demo.webtend.net/html/munfirm/assets/images/news/blog-standard6.jpg]
[demo.webtend.net/html/munfirm/assets/images/news/blog-standard7.jpg]
[demo.webtend.net/html/munfirm/assets/images/news/blog-standard8.jpg]
[demo.webtend.net/html/munfirm/assets/images/widgets/about.jpg]
[demo.webtend.net/html/munfirm/assets/images/widgets/about-bg.png]
[demo.webtend.net/html/munfirm/assets/images/news/news-widget3.jpg]
[demo.webtend.net/html/munfirm/assets/images/news/news-widget1.jpg]
[demo.webtend.net/html/munfirm/assets/images/news/news-widget2.jpg]
[demo.webtend.net/html/munfirm/blog-standard.html]
[demo.webtend.net/html/munfirm/assets/images/news/blog-details.jpg]
[demo.webtend.net/html/munfirm/assets/images/news/prev-post.jpg]
[demo.webtend.net/html/munfirm/assets/images/news/next-post.jpg]
[demo.webtend.net/html/munfirm/assets/images/news/news-slider1.jpg]
[demo.webtend.net/html/munfirm/assets/images/news/news-slider2.jpg]
[demo.webtend.net/html/munfirm/blog-details.html]
[demo.webtend.net/html/munfirm/assets/images/products/product8.png]
[demo.webtend.net/html/munfirm/assets/images/products/product9.png]
[demo.webtend.net/html/munfirm/assets/images/products/product10.png]
[demo.webtend.net/html/munfirm/assets/images/products/product11.png]
[demo.webtend.net/html/munfirm/assets/images/products/product12.png]
[demo.webtend.net/html/munfirm/shop-grid.html]
[demo.webtend.net/html/munfirm/assets/images/widgets/product1.png]
[demo.webtend.net/html/munfirm/assets/images/widgets/product2.png]
[demo.webtend.net/html/munfirm/assets/images/widgets/product3.png]
[demo.webtend.net/html/munfirm/assets/images/widgets/product4.png]
[demo.webtend.net/html/munfirm/shop-left-sidebar.html]
[demo.webtend.net/html/munfirm/shop-right-sidebar.html]
[demo.webtend.net/html/munfirm/assets/images/products/preview1.png]
[demo.webtend.net/html/munfirm/assets/images/products/preview2.png]
[demo.webtend.net/html/munfirm/assets/images/products/preview3.png]
[demo.webtend.net/html/munfirm/assets/images/products/preview4.png]
[demo.webtend.net/html/munfirm/assets/images/products/review-author1.jpg]
[demo.webtend.net/html/munfirm/assets/images/products/review-author2.jpg]
[demo.webtend.net/html/munfirm/assets/images/products/review-author3.jpg]
[demo.webtend.net/html/munfirm/product-details.html]
[demo.webtend.net/html/munfirm/cart.html]
[demo.webtend.net/html/munfirm/checkout.html]
[demo.webtend.net/html/munfirm/wishlist.html]
[demo.webtend.net/html/munfirm/assets/images/contact/icon1.png]
[demo.webtend.net/html/munfirm/assets/images/contact/icon2.png]
[demo.webtend.net/html/munfirm/assets/images/contact/icon3.png]
[demo.webtend.net/html/munfirm/assets/images/shapes/contact-leafs.png]
[demo.webtend.net/html/munfirm/assets/images/shapes/pumpkin.png]
[demo.webtend.net/html/munfirm/assets/images/contact/contact-right.png]
[demo.webtend.net/html/munfirm/assets/images/contact/contact-right-bg.png]
[demo.webtend.net/html/munfirm/assets/images/shapes/contact-shape.png]
[demo.webtend.net/html/munfirm/assets/images/shapes/two-lear.png]
[demo.webtend.net/html/munfirm/assets/js/jquery.ajaxchimp.min.js]
[demo.webtend.net/html/munfirm/assets/js/form-validator.min.js]
[demo.webtend.net/html/munfirm/assets/js/contact-form-script.js]
[demo.webtend.net/html/munfirm/contact.html]
[demo.webtend.net/html/munfirm/assets/fonts/flaticona0c5.svg]
[demo.webtend.net/html/munfirm/assets/fonts/fa-brands-400.svg]
[demo.webtend.net/html/munfirm/assets/fonts/fa-duotone-900.svg]
[demo.webtend.net/html/munfirm/assets/fonts/fa-light-300.svg]
[demo.webtend.net/html/munfirm/assets/fonts/fa-regular-400.svg]
[demo.webtend.net/html/munfirm/assets/fonts/fa-solid-900.svg]
